
> @mundo-magico/web@1.0.0 build C:\Users\meent\Desktop\mundomagico\apps\web
> next build

  ▲ Next.js 14.2.5

   Creating an optimized production build ...
request to https://fonts.googleapis.com/css2?family=Fredoka:wght@400;500;600;700&display=swap failed, reason: 

Retrying 1/3...
request to https://fonts.googleapis.com/css2?family=Inter:wght@100..900&display=swap failed, reason: 

Retrying 1/3...
request to https://fonts.googleapis.com/css2?family=Fredoka:wght@400;500;600;700&display=swap failed, reason: 

Retrying 2/3...
request to https://fonts.googleapis.com/css2?family=Inter:wght@100..900&display=swap failed, reason: 

Retrying 2/3...
request to https://fonts.googleapis.com/css2?family=Fredoka:wght@400;500;600;700&display=swap failed, reason: 

Retrying 3/3...
request to https://fonts.googleapis.com/css2?family=Inter:wght@100..900&display=swap failed, reason: 

Retrying 3/3...
FetchError: request to https://fonts.googleapis.com/css2?family=Fredoka:wght@400;500;600;700&display=swap failed, reason: 
    at ClientRequest.<anonymous> (C:\Users\meent\Desktop\mundomagico\node_modules\.pnpm\next@14.2.5_react-dom@18.3.1_react@18.3.1__react@18.3.1\node_modules\next\dist\compiled\node-fetch\index.js:1:66160)
    at ClientRequest.emit (node:events:509:28)
    at emitErrorEvent (node:_http_client:109:11)
    at TLSSocket.socketErrorListener (node:_http_client:593:5)
    at TLSSocket.emit (node:events:509:28)
    at emitErrorNT (node:internal/streams/destroy:170:8)
    at emitErrorCloseNT (node:internal/streams/destroy:129:3)
    at process.processTicksAndRejections (node:internal/process/task_queues:90:21) {
  type: 'system',
  errno: 'EACCES',
  code: 'EACCES'
}
FetchError: request to https://fonts.googleapis.com/css2?family=Inter:wght@100..900&display=swap failed, reason: 
    at ClientRequest.<anonymous> (C:\Users\meent\Desktop\mundomagico\node_modules\.pnpm\next@14.2.5_react-dom@18.3.1_react@18.3.1__react@18.3.1\node_modules\next\dist\compiled\node-fetch\index.js:1:66160)
    at ClientRequest.emit (node:events:509:28)
    at emitErrorEvent (node:_http_client:109:11)
    at TLSSocket.socketErrorListener (node:_http_client:593:5)
    at TLSSocket.emit (node:events:509:28)
    at emitErrorNT (node:internal/streams/destroy:170:8)
    at emitErrorCloseNT (node:internal/streams/destroy:129:3)
    at process.processTicksAndRejections (node:internal/process/task_queues:90:21) {
  type: 'system',
  errno: 'EACCES',
  code: 'EACCES'
}
